ba_yard1 "CAPTIVE FREIGHT"
boot_camp "No Title"
bounce "Black Mesa Inbound"
crossfire "desert"
datacore "Communications Center"
frenzy "No Title"
gasworks "No Title"
lambda_bunker "Lamda Bunker"
op4_bootcamp "No Title"
op4_datacore "Communications Center"
op4_demise "Untimely Demise"
op4_disposal "Waste Disposal"
op4_gasworks "No Title"
op4_kbase "‹Dåáôè…Ió…a…Káîäù‹"
op4_kndyone "No Title"
op4_meanie "Blue Meanie Base"
op4_outpost "Lost Outpost"
op4_park "No Title"
op4_repent "Levelord's Repentagram"
op4_rubble "Rubble"
op4_xendance "No Title"
op4cp_park "Paradox Park - Ground Control"
op4ctf_biodomes "No Title"
op4ctf_chasm "Chasm"
op4ctf_crash "WELCOME TO BLACK MESA"
op4ctf_dam "Hydro-Electric Dam"
op4ctf_gunyard "Gunyard"
op4ctf_hairball "HAIRBALL"
op4ctf_mortar "No Title"
op4ctf_power "POWER STRUGGLE"
op4ctf_repent "Levelord's RepentaFlag"
op4ctf_wonderland "No Title"
op4ctf_xendance "CTF Xen Dance"
rapidcore "No Title"
snark_pit "No Title"
stalkyard "warez"
subtransit "No Title"
undertow "No Title"
